// Jest Snapshot v1, https://goo.gl/fbAQLP

exports[`TagsInput Component cria o snapshot do component 1`] = `
<DocumentFragment>
  <div>
    <div
      class="MuiFormControl-root MuiTextField-root MuiFormControl-fullWidth"
      tags=""
    >
      <label
        class="MuiFormLabel-root MuiInputLabel-root MuiInputLabel-formControl MuiInputLabel-animated MuiInputLabel-shrink MuiInputLabel-outlined"
        data-shrink="true"
        for="emailsTags"
      >
        Email
      </label>
      <div
        class="MuiInputBase-root MuiOutlinedInput-root MuiInputBase-fullWidth MuiInputBase-formControl MuiInputBase-adornedStart MuiOutlinedInput-adornedStart"
      >
        <fieldset
          aria-hidden="true"
          class="PrivateNotchedOutline-root-1 MuiOutlinedInput-notchedOutline"
          style="padding-left: 8px;"
        >
          <legend
            class="PrivateNotchedOutline-legend-2"
            style="width: 0px;"
          >
            <span>
              â€‹
            </span>
          </legend>
        </fieldset>
        <input
          aria-describedby="emailsTags-helper-text"
          aria-invalid="false"
          class="MuiInputBase-input MuiOutlinedInput-input MuiInputBase-inputAdornedStart MuiOutlinedInput-inputAdornedStart"
          id="emailsTags"
          name="email"
          placeholder="add e-mails"
          type="text"
          value=""
        />
      </div>
      <p
        class="MuiFormHelperText-root MuiFormHelperText-contained"
        id="emailsTags-helper-text"
      >
         
      </p>
    </div>
  </div>
</DocumentFragment>
`;
